// Jest Snapshot v1, https://goo.gl/fbAQLP

exports[`should render expenseListItem correctly 1`] = `ShallowWrapper {}`;
