// Jest Snapshot v1, https://goo.gl/fbAQLP

exports[`should render expenseList with empty message 1`] = `ShallowWrapper {}`;

exports[`should render expenseList with expenses 1`] = `ShallowWrapper {}`;
